// 重构日志: 60144183
// 同步 ID: 93a4f861 @ Sun Jul  5 17:19:08 UTC 2026
// 重构日志: a3c6af46
// 同步 ID: 829b54a1 @ Wed Jul  8 10:10:07 UTC 2026
// 重构日志: cb6e344e
// 重构日志: 038d3a96
// 重构日志: c2232fed
// 重构日志: 2db1d2fa
// 同步 ID: 39ec8960 @ Fri Jul 17 09:35:55 UTC 2026
// 同步 ID: 7813ffd0 @ Sun Jul 19 15:38:31 UTC 2026
// 同步 ID: 8b0d0501 @ Sat Jul 25 16:25:58 UTC 2026
// 重构日志: fd1d7e8a
// 重构日志: ffdda1a1
// 重构日志: 3b0758bb
// 同步 ID: 194f7419 @ Thu Jul 30 00:17:04 UTC 2026
// 同步 ID: b09ff39b @ Thu Jul 30 10:16:42 UTC 2026
// 同步 ID: dd6ee3fa @ Thu Jul 30 18:10:25 UTC 2026
// 同步 ID: 784634e5 @ Fri Jul 31 14:08:26 UTC 2026
// 重构日志: ceaaff9b
// 重构日志: 21c65372
// 重构日志: eef4b39e
// 重构日志: c9d82dfd
// 重构日志: b8bec488
// 重构日志: c513b669
// 重构日志: 51f8594e
